6F5CA309
FFFFFFFF
00000002
FEFFFFFF
00100000
FFFFFFFF
00000000
00000000
80000000
00000000
00000000
00000000
00000000
00000000
00000000
00000000
00000000
00000000
00000001
00000000
00000000
00000080
00001000
00000200
00000000
00000008
00000000
00000000
00000000
00000000
00000010
00001000
00000000
02000000
00100000
00100000
10000000
00020000
00400000
FFFFFFFF
FFFFFFFF
FFFFFFFF
FFFFFFEF
FFFFFFFF
FFFFFFFB
FFFFFFFF
FFFFFFFF
FFFFFFFF
FFFFFFFF
FFFFFFFF
FFFFFFFF
FFFFFFFF
FFFFF7FF
FFFF7FFF
FFFFFFF7
FFFFFFFD
FFFFFBFF
FFF7FFFF
FFFFFFEF
FFFFFFDF
FFFFFDFF
FFDFFFFF
FFFFFEFF
FFFFBFFF
FDFFFFFF
FFBFFFFF
FFFFF7FF
000002AA
FFFF5555
00000000
33333333
00199999
FFFFA57E
0000B505
15555555
0000000C
FFFFFFF4
0000B504
01555555
00000000
00000000
00000000
0000000A
FFEAAAAA
00000000
00033333
00000000
00000000
6F5CA309
00000000
00000000
00000000
00000000
