6F5CA309
DEAD0000
DEAD0000
DEADFFFF
DEAD0001
DEAD0000
DEADFFFF
FFF7BEEF
0400BEEF
FFFFBEEF
0200BEEF
DEAD0000
DEAD0002
DEAD0004
DEAD0008
DEAD0010
DEAD0020
DEAD0040
DEAD0080
DEAD0100
DEAD0800
DEAD1000
DEAD2000
DEAD4000
DEAD0000
DEAD0000
DEAD0000
DEAD0000
DEAD0000
DEAD0000
DEAD0000
DEAD0000
DEAD0000
DEAD0000
DEAD0000
DEAD0000
DEAD0000
DEAD0000
DEAD0000
DEAD0000
DEADFFFF
DEADFFFF
DEADFFFF
DEADFFFF
DEADFFFF
DEADFFFF
DEADFFFF
DEADFFFF
DEADFFFF
DEADFFFF
DEADFFFF
DEADFFFF
DEAD5555
DEADAAAA
DEADFFFE
DEADFFFD
DEADFFFB
DEADFFEF
DEADFFDF
DEADFFBF
DEADFF7F
DEADFEFF
DEADFDFF
DEADFBFF
DEADF7FF
DEADEFFF
DEADDFFF
DEADBFFF
DEAD7FFF
DEADFFFF
DEADFFFF
DEAD8000
6F5CA309
00000000
00000000
00000000
00000000
