6F5CA309
5555554E
00000000
00000000
99999998
00000000
7BFFFFFF
00000000
60000000
0000FFFF
C0000000
FFE00000
7FFFDFFF
FFFFFFF1
FFFFFFF7
FFFFFFFE
FEFFFFF7
AAAAAA8A
FFFFFF7F
FFFFFF80
BFFFFF00
FFFF48FD
FFFFFC00
80000000
0001F000
EFFFBFFF
7FFF7FFF
FFFE4AFD
FF7DFFFF
FFFC0100
FFF00100
FFBFFFFC
65E66665
3EFFFFFF
FDFF4AFC
FBFF7FFF
F8000004
EFFFEFFF
DFFFEFFF
C0080000
55555557
FFFF0002
00000105
02000009
10000011
00000023
AAAAAAEB
0000B606
0000B706
40000400
FFFF52FD
00000FE0
00001C00
FFFF4000
00008003
0000F800
FF820000
0003FF00
F8080000
FFD00000
001FFFFE
F8400000
F8800000
34333335
57555556
04000004
3B333335
1000B504
20000005
40000001
AAAAABAB
55595556
00001009
00040011
55555596
00002081
00008201
000003FD
00200801
00000FF0
FF802000
FFFE4000
00008001
000FFFF8
00200011
AAEAAAAB
00800021
01020001
03FFFFFA
07FFFFF8
21000001
3FFFFFFD
CCCCCCCB
FFFFFFF6
FFFFFFF7
0001FFF0
FFFFFB7F
FF7FFDFF
FFFFE001
00007503
00060000
FFFBFFEF
FFF8B503
FFEFFFEF
FFE00006
CACCCCCD
8CCCCCCC
00000000
AAAAAAAE
55555559
FFFFFFFE
CCCCCCD0
9999999D
0000B507
FFFF4AFF
00000001
AAAAAAAF
00000003
FFFFFFFF
CCCCCCD1
9999999E
FFFF4B00
AAAAAAAD
55555558
FFFFFFFD
CCCCCCCF
9999999C
0000B506
FFFF4AFE
55555552
00000000
AAAAAAAB
55555550
22222222
EEEEEEEF
55560A59
5554A051
55555553
00000001
55555555
55555551
22222223
EEEEEEF0
5554A052
FFFFFFFF
AAAAAAAA
5555554F
22222221
EEEEEEEE
55560A58
5554A050
AAAAAAA7
55555555
00000000
AAAAAAA5
77777777
44444444
AAAB5FAE
AAA9F5A6
AAAAAAA8
55555556
AAAAAAAA
AAAAAAA6
77777778
44444445
AAA9F5A7
55555554
FFFFFFFF
AAAAAAA4
77777776
44444443
AAAB5FAD
AAA9F5A5
00000002
AAAAAAB0
5555555B
00000000
CCCCCCD2
9999999F
0000B509
FFFF4B01
00000003
AAAAAAB1
00000005
00000001
CCCCCCD3
999999A0
FFFF4B02
AAAAAAAF
5555555A
FFFFFFFF
CCCCCCD1
9999999E
0000B508
FFFF4B00
33333330
DDDDDDDE
88888889
3333332E
00000000
CCCCCCCD
3333E837
33327E2F
33333331
DDDDDDDF
33333333
3333332F
00000001
CCCCCCCE
33327E30
DDDDDDDD
88888888
3333332D
FFFFFFFF
CCCCCCCC
3333E836
33327E2E
66666663
11111111
BBBBBBBC
66666661
33333333
00000000
66671B6A
6665B162
66666664
11111112
66666666
66666662
33333334
00000001
6665B163
11111110
BBBBBBBB
66666660
33333332
FFFFFFFF
66671B69
6665B161
FFFF4AF9
AAA9F5A7
5554A052
FFFF4AF7
CCCC17C9
9998E496
00000000
FFFE95F8
FFFF4AFA
AAA9F5A8
FFFF4AFC
FFFF4AF8
CCCC17CA
9998E497
FFFE95F9
AAA9F5A6
5554A051
FFFF4AF6
CCCC17C8
9998E495
FFFFFFFF
FFFE95F7
0000B501
AAAB5FAF
55560A5A
0000B4FF
CCCD81D1
999A4E9E
00016A08
00000000
0000B502
AAAB5FB0
0000B504
0000B500
CCCD81D2
999A4E9F
00000001
AAAB5FAE
55560A59
0000B4FE
CCCD81D0
999A4E9D
00016A07
FFFFFFFF
FFFFFFFF
AAAAAAAD
55555558
FFFFFFFD
CCCCCCCF
9999999C
0000B506
FFFF4AFE
00000000
AAAAAAAE
00000002
CCCCCCD0
9999999D
FFFF4AFF
AAAAAAAC
55555557
FFFFFFFC
CCCCCCCE
9999999B
0000B505
FFFF4AFD
55555551
FFFFFFFF
AAAAAAAA
5555554F
22222221
EEEEEEEE
55560A58
5554A050
55555552
00000000
55555554
55555550
22222222
EEEEEEEF
5554A051
FFFFFFFE
AAAAAAA9
22222220
EEEEEEED
55560A57
5554A04F
FFFFFFFD
AAAAAAAB
55555556
FFFFFFFB
CCCCCCCD
9999999A
0000B504
FFFF4AFC
FFFFFFFE
00000000
AAAAAAA5
77777777
44444444
AAAB5FAE
AAA9F5A6
00000003
AAAAAAB1
5555555C
00000001
CCCCCCD3
999999A0
0000B50A
FFFF4B02
00000004
AAAAAAB2
00000006
00000002
CCCCCCD4
999999A1
FFFF4B03
AAAAAAB0
5555555B
00000000
CCCCCCD2
9999999F
0000B509
FFFF4B01
33333331
DDDDDDDF
8888888A
3333332F
00000001
CCCCCCCE
3333E838
33327E30
33333332
DDDDDDE0
33333334
33333330
00000002
CCCCCCCF
33327E31
DDDDDDDE
88888889
3333332E
00000000
CCCCCCCD
3333E837
33327E2F
66666664
11111112
BBBBBBBD
66666662
33333334
00000001
66671B6B
6665B163
66666665
11111113
66666667
66666663
33333335
00000002
6665B164
11111111
BBBBBBBC
66666661
33333333
00000000
66671B6A
6665B162
FFFF4AFA
AAA9F5A8
5554A053
FFFF4AF8
CCCC17CA
9998E497
00000001
FFFE95F9
FFFF4AFB
AAA9F5A9
FFFF4AFD
FFFF4AF9
CCCC17CB
9998E498
FFFE95FA
AAA9F5A7
5554A052
FFFF4AF7
CCCC17C9
9998E496
00000000
FFFE95F8
0000B502
AAAB5FB0
55560A5B
0000B500
CCCD81D2
999A4E9F
00016A09
00000001
0000B503
AAAB5FB1
0000B505
0000B501
CCCD81D3
999A4EA0
00000002
AAAB5FAF
55560A5A
0000B4FF
CCCD81D1
999A4E9E
00016A08
00000000
AAAAAAAC
00000000
FFFFFFFC
CCCCCCCE
9999999B
FFFF4AFD
AAAAAAAA
55555555
FFFFFFFA
CCCCCCCC
99999999
0000B503
FFFF4AFB
00000001
AAAAAAAF
5555555A
FFFFFFFF
CCCCCCD1
9999999E
0000B508
FFFF4B00
00000002
AAAAAAB0
00000004
00000000
CCCCCCD2
9999999F
FFFF4B01
AAAAAAAE
55555559
FFFFFFFE
CCCCCCD0
9999999D
0000B507
FFFF4AFF
3333332F
DDDDDDDD
88888888
3333332D
FFFFFFFF
CCCCCCCC
3333E836
33327E2E
33333330
DDDDDDDE
33333332
3333332E
00000000
CCCCCCCD
33327E2F
DDDDDDDC
88888887
3333332C
FFFFFFFE
CCCCCCCB
3333E835
33327E2D
66666662
11111110
BBBBBBBB
66666660
33333332
FFFFFFFF
66671B69
6665B161
66666663
11111111
66666665
66666661
33333333
00000000
6665B162
1111110F
BBBBBBBA
6666665F
33333331
FFFFFFFE
66671B68
6665B160
0000B500
AAAB5FAE
55560A59
0000B4FE
CCCD81D0
999A4E9D
00016A07
FFFFFFFF
0000B501
AAAB5FAF
0000B503
0000B4FF
CCCD81D1
999A4E9E
00000000
AAAB5FAD
55560A58
0000B4FD
CCCD81CF
999A4E9C
00016A06
FFFFFFFE
55555553
00000001
AAAAAAAC
55555551
22222223
EEEEEEF0
55560A5A
5554A052
55555554
00000002
55555556
55555552
22222224
EEEEEEF1
5554A053
00000000
AAAAAAAB
55555550
22222222
EEEEEEEF
55560A59
5554A051
AAAAAAA8
55555556
00000001
AAAAAAA6
77777778
44444445
AAAB5FAF
AAA9F5A7
AAAAAAA9
55555557
AAAAAAAB
AAAAAAA7
77777779
44444446
AAA9F5A8
55555555
0000007A
00000020
FFFFFF89
7FFFF800
6F5CA309
00000000
00000000
00000000
