6F5CA309
0001FF7F
00000155
00000001
00000100
00000000
00080000
00000000
00000001
00000000
00000000
00000000
00000002
00000000
00000000
00000000
00000000
00000000
00000000
00000000
00000010
00000002
00000080
00000000
00002000
00000200
00000004
00004000
00000000
00000020
00010000
00800000
00000000
00000000
00000000
00080000
00010000
00000004
01000000
001FFFFF
00001FFF
3FFFFFFE
00001FFF
000001FF
0001FFFF
0003FFFF
03FFFFFD
0003FFFF
0007FFFF
0000001F
0000001F
0007FFFF
000FFFFD
0000FFFF
00000003
00003FFF
00000001
0001FFF7
0000001F
03FFBFFF
00003FDF
00007F7F
000FDFFF
000001F7
7BFFFFFF
0077FFFF
0006FFFF
00BFFFFF
000AAAAA
00000005
00000000
00000000
000CCCCC
00000CCC
00000000
00000000
000007EF
000FFFF4
00000000
000002AA
0003FF7F
33333332
0CCCCCCC
00005A81
00155555
00000006
01999999
03FFFD2B
00555555
FFFFFFFF
00000000
00000002
00400000
6F5CA309
00000000
00000000
00000000
