6F5CA309
3FFFD2BF
00000000
FFFF4AFC
3FFFFFFF
00000001
00000000
00000000
00000000
00000000
00003FFF
00000000
00000000
00000000
00000000
00000000
00000000
00000000
00000000
00000000
00000000
00000000
00000000
00000800
00000001
00001000
00000000
00000001
00000800
00000000
00040000
00010000
00000400
00004000
00000400
00400000
00400000
00100000
00200000
20000000
00000001
00000007
001FFFFF
07FFFFFF
7FFFFFFB
00000007
0000FFFF
00FFFFFF
00003FFF
1FFFFFDF
00001FFF
007FFFFD
01FFFFEF
FFFFEFFF
0003FFFF
7FFFDFFF
00000007
007FFF7F
01FFFBFF
00001FFF
0001FFEF
0000FFEF
03FF7FFF
00FFBFFF
003FDFFF
001FDFFF
7EFFFFFF
000007DF
000007BF
0003BFFF
37FFFFFF
00002FFF
00000AAA
000AAAAA
00000000
000000CC
003FFFD2
00000005
00033333
00000333
00000001
00000002
00000006
00333333
00000000
0000AAAA
00000005
00000000
00CCCCCC
00000000
00400000
6F5CA309
00000000
