6F5CA309
80000000
00040000
FDFFFFFE
0003FFFE
AAAAAAAC
80000002
FFFFFFEF
E6666665
2AAAAAAA
FDFFFFFF
00000000
00000009
0000000C
00000808
00000010
55555576
0000002F
0000007B
00000120
40000200
00000400
AAAAB2AB
00000004
FE001FFF
0000F503
FFFFCAFD
0000FDFF
00020040
00080003
000EFFFF
FFDFFFFF
00800000
00FF4AFD
01FDFFFF
04000000
07FF7FFF
50000000
1FFFBFFF
40010000
00000002
FFFFFFDC
FFFFFFDA
FFFDFFF6
000007EF
1FFFFFDF
7FFFFFBE
FF7FFF7E
FFFF48FB
FFFFEBFE
FFFFF803
FFFF3AFC
00009503
7FFFBFFE
FFFF7FFC
FFFFB502
AAA8AAA9
00FBFFFF
7FF7FFFE
FFF007FF
FFE00007
FFC01FFF
FF7FFFDE
FEDFFFFE
FC000001
4D555554
F001FFFF
E001FFFF
C0000006
55655555
33333343
333333B2
000000F6
FFFF4CFD
55555955
00001005
000037FF
FF007FFF
01040000
00088000
10200000
007FFBFF
57555555
04008000
3B333332
D0000000
FFF7FFF6
7FFFFFBF
AAAAAA29
FFFFFF02
FFFFFBF7
FFFFF802
FFFFE001
FF7BFFFE
FFF8B503
BFEFFFFF
62666664
E7FFFFFE
F00007FF
E001FFFF
BFFFFF7E
00000006
55555558
AAAAAAAD
00000008
33333336
66666669
FFFF4AFF
0000B507
00000005
55555557
00000003
00000007
33333335
66666668
0000B506
55555559
AAAAAAAE
00000009
33333337
6666666A
FFFF4B00
0000B508
55555558
AAAAAAAA
FFFFFFFF
5555555A
88888888
BBBBBBBB
5554A051
55560A59
55555557
AAAAAAA9
55555555
55555559
88888887
BBBBBBBA
55560A58
AAAAAAAB
00000000
5555555B
88888889
BBBBBBBC
5554A052
55560A5A
AAAAAAAD
FFFFFFFF
55555554
AAAAAAAF
DDDDDDDD
11111110
AAA9F5A6
AAAB5FAE
AAAAAAAC
FFFFFFFE
AAAAAAAA
AAAAAAAE
DDDDDDDC
1111110F
AAAB5FAD
00000000
55555555
AAAAAAB0
DDDDDDDE
11111111
AAA9F5A7
AAAB5FAF
00000008
5555555A
AAAAAAAF
0000000A
33333338
6666666B
FFFF4B01
0000B509
00000007
55555559
00000005
00000009
33333337
6666666A
0000B508
5555555B
AAAAAAB0
0000000B
33333339
6666666C
FFFF4B02
0000B50A
33333336
88888888
DDDDDDDD
33333338
66666666
99999999
33327E2F
3333E837
33333335
88888887
33333333
33333337
66666665
99999998
3333E836
88888889
DDDDDDDE
33333339
66666667
9999999A
33327E30
3333E838
66666669
BBBBBBBB
11111110
6666666B
99999999
CCCCCCCC
6665B162
66671B6A
66666668
BBBBBBBA
66666666
6666666A
99999998
CCCCCCCB
66671B69
BBBBBBBC
11111111
6666666C
9999999A
CCCCCCCD
6665B163
66671B6B
FFFF4AFF
5554A051
AAA9F5A6
FFFF4B01
33327E2F
6665B162
FFFE95F8
00000000
FFFF4AFE
5554A050
FFFF4AFC
FFFF4B00
33327E2E
6665B161
FFFFFFFF
5554A052
AAA9F5A7
FFFF4B02
33327E30
6665B163
FFFE95F9
00000001
0000B507
55560A59
AAAB5FAE
0000B509
3333E837
66671B6A
00000000
00016A08
0000B506
55560A58
0000B504
0000B508
3333E836
66671B69
00016A07
55560A5A
AAAB5FAF
0000B50A
3333E838
66671B6B
00000001
00016A09
00000005
55555557
AAAAAAAC
00000007
33333335
66666668
FFFF4AFE
0000B506
00000004
55555556
00000002
00000006
33333334
66666667
0000B505
55555558
AAAAAAAD
00000008
33333336
66666669
FFFF4AFF
0000B507
55555557
AAAAAAA9
FFFFFFFE
55555559
88888887
BBBBBBBA
5554A050
55560A58
55555556
AAAAAAA8
55555554
55555558
88888886
BBBBBBB9
55560A57
AAAAAAAA
FFFFFFFF
5555555A
88888888
BBBBBBBB
5554A051
55560A59
00000003
55555555
AAAAAAAA
00000005
33333333
66666666
FFFF4AFC
0000B504
55555556
AAAAAAB1
DDDDDDDF
11111112
AAA9F5A8
AAAB5FB0
00000009
5555555B
AAAAAAB0
0000000B
33333339
6666666C
FFFF4B02
0000B50A
00000008
5555555A
00000006
0000000A
33333338
6666666B
0000B509
5555555C
AAAAAAB1
0000000C
3333333A
6666666D
FFFF4B03
0000B50B
33333337
88888889
DDDDDDDE
33333339
66666667
9999999A
33327E30
3333E838
33333336
88888888
33333334
33333338
66666666
99999999
3333E837
8888888A
DDDDDDDF
3333333A
66666668
9999999B
33327E31
3333E839
6666666A
BBBBBBBC
11111111
6666666C
9999999A
CCCCCCCD
6665B163
66671B6B
66666669
BBBBBBBB
66666667
6666666B
99999999
CCCCCCCC
66671B6A
BBBBBBBD
11111112
6666666D
9999999B
CCCCCCCE
6665B164
66671B6C
FFFF4B00
5554A052
AAA9F5A7
FFFF4B02
33327E30
6665B163
FFFE95F9
00000001
FFFF4AFF
5554A051
FFFF4AFD
FFFF4B01
33327E2F
6665B162
00000000
5554A053
AAA9F5A8
FFFF4B03
33327E31
6665B164
FFFE95FA
00000002
0000B508
55560A5A
AAAB5FAF
0000B50A
3333E838
66671B6B
00000001
00016A09
0000B507
55560A59
0000B505
0000B509
3333E837
66671B6A
00016A08
55560A5B
AAAB5FB0
0000B50B
3333E839
66671B6C
00000002
00016A0A
00000002
55555554
00000000
00000004
33333332
66666665
0000B503
55555556
AAAAAAAB
00000006
33333334
66666667
FFFF4AFD
0000B505
00000007
55555559
AAAAAAAE
00000009
33333337
6666666A
FFFF4B00
0000B508
00000006
55555558
00000004
00000008
33333336
66666669
0000B507
5555555A
AAAAAAAF
0000000A
33333338
6666666B
FFFF4B01
0000B509
33333335
88888887
DDDDDDDC
33333337
66666665
99999998
33327E2E
3333E836
33333334
88888886
33333332
33333336
66666664
99999997
3333E835
88888888
DDDDDDDD
33333338
66666666
99999999
33327E2F
3333E837
66666668
BBBBBBBA
1111110F
6666666A
99999998
CCCCCCCB
6665B161
66671B69
66666667
BBBBBBB9
66666665
66666669
99999997
CCCCCCCA
66671B68
BBBBBBBB
11111110
6666666B
99999999
CCCCCCCC
6665B162
66671B6A
0000B506
55560A58
AAAB5FAD
0000B508
3333E836
66671B69
FFFFFFFF
00016A07
0000B505
55560A57
0000B503
0000B507
3333E835
66671B68
00016A06
55560A59
AAAB5FAE
0000B509
3333E837
66671B6A
00000000
00016A08
55555559
AAAAAAAB
00000000
5555555B
88888889
BBBBBBBC
5554A052
55560A5A
55555558
AAAAAAAA
55555556
5555555A
88888888
BBBBBBBB
55560A59
00000001
5555555C
8888888A
BBBBBBBD
5554A053
55560A5B
AAAAAAAE
00000000
55555555
AAAAAAB0
DDDDDDDE
11111111
AAA9F5A7
AAAB5FAF
AAAAAAAD
FFFFFFFF
AAAAAAAB
AAAAAAAF
DDDDDDDD
11111110
AAAB5FAE
00000001
0001FEFF
FEFFFFF8
00800001
FFFF4EFC
00001004
6F5CA309
00000000
00000000
00000000
