6F5CA309
FF800000
02000000
FFFFFFFF
33333333
00000000
00000000
00001FFF
00000000
00000000
00000004
00000000
00000010
00000004
00000000
00000000
00000010
00000000
00000000
00000000
00000400
00000000
00000010
00000000
00000001
00020000
00000400
00000800
00000000
00000400
00000000
00000000
00002000
00004000
00800000
00020000
00080000
00008000
FFFFFFFF
FFFFFFFF
FFFFFFFF
FFFFFFFF
FFFFFFFF
FFFFFFFF
FFFFFFFF
FFFFFFFF
FFFFFFFF
FFFFFEFF
FFFFFFFF
FFFFFFFF
FFFFFFDF
FFFFFFFE
FFFFFFF7
FFFFFFFF
FFFFFF7F
FFFFFF7F
FFF7FFFF
FFFFFFEF
FFFFEFFF
FFFFFFFF
FFFF7FFF
FFFDFFFF
FEFFFFFF
FFBFFFFF
FDFFFFFF
000AAAAA
FFFFF555
00000000
00000000
00000CCC
FFFFA57E
000000B5
00000000
00000002
00055555
FFFFFFF7
00666666
FFF7FFFF
33333332
000000CC
00000000
02AAAAAA
D5555555
FFFFFFEF
66666667
FFFFFFFA
00000080
FFFFF7FF
00000000
00000000
00004000
6F5CA309
00000000
