6F5CA309
E0000000
33330000
FFFEFFFF
00000004
80000000
00000000
00000800
00000000
00000000
FFFFFF00
00000002
00000080
00040000
00000100
08000000
10000000
00000200
00000000
00001000
40000000
00080000
20000000
02000000
00000000
00000000
00000000
00000000
00000000
00000000
10000000
00000000
02000000
40000000
40000000
00000000
08000000
80000000
00000000
00000000
FFFF8000
FFFFFFFA
FFFFFD80
FFFFDC00
FFDE0000
FFF7C000
FDF80000
FF7F0000
FFF7F800
FBFE0000
FFFDFF80
FBFF8000
FFBFFC00
FFF7FFC0
FFFEFFFC
FFFBFFF8
E0000000
E0000000
7FFFF000
F7FFFFC0
FFF80000
FFFE0000
FFFF8000
FFFFE000
FFFFC000
FFFFFF80
FFFFF800
AAAA0000
55000000
00180000
0000000A
99999998
FFD2BF00
33800000
FFD2BF40
80000000
33333320
80000000
005A8200
EFFFFF00
AAAAAAA0
66650000
B5030000
AB000000
AAAAC000
80000000
80000000
00000200
00020000
6F5CA309
00000000
00000000
00000000
