6F5CA309
66666666
00000000
00000000
FFFFFFB7
00000000
80400000
FFFFFFEF
D5555555
00000000
6FFFFFFF
FFFF4AFC
00001000
00080002
FFFFFFDB
00000006
00000025
FFDFFFBF
FFFF7F7F
55555456
FFFFBDFF
00000000
FFFF77FF
00002006
FFFFBFF7
00000000
00010004
33313332
FBFBFFFF
00080007
FFEFFFFF
0020B505
0040B505
00800001
EEFFFFFF
0200B505
FB7FFFFF
08001000
EFFFFFF7
DDFFFFFF
BFFDFFFF
02000001
BFFFFFFD
9999999D
FDFFFFF7
00000030
FFFFFFDB
FFFFFFBC
FFFDFF7F
10000100
00000204
00000410
0000BD03
FFFFEFFD
00002006
01004000
FFFF7FFC
FFFDBFFF
FFFFFFFF
EFF7FFFF
7FEFFFFF
FFDF7FFF
7FBFFFFF
CC4CCCCB
3EFFFFFF
00000000
FBFFFFFE
91999999
20080000
4000B503
00000001
A8AAAAAA
FFFFFFF4
00000000
00000060
FFFFFF9F
FFBFFEFF
AAAAA8AA
AAAAAEAA
66666E65
FFEFDFFF
FFFE4AFD
FFEFFFF7
FFDFBFFF
66E66665
ABAAAAAB
04400000
5D555554
20000400
0000B502
FFFFFFF9
FFFF4A7C
FFFFEEFF
FFFFFDFF
10000400
FDFFF7FF
00001001
FFFFDFFB
FFFEFFFD
000C0000
FFEFFFDF
00400009
C4CCCCCC
DEFFFFFF
50000000
66666661
00000000
55555556
AAAAAAA9
00000006
33333330
66666665
FFFF4AFF
0000B507
00000001
55555557
00000003
00000007
33333331
66666666
0000B500
55555555
AAAAAAA8
00000005
33333337
66666664
FFFF4AFE
0000B506
55555556
00000000
FFFFFFFF
55555550
66666666
33333333
AAAA1FA9
5555E051
55555557
00000001
55555555
55555551
66666667
33333330
5555E056
00000003
FFFFFFFE
55555553
33333332
AAAA1FA8
5555E050
AAAAAAA9
FFFFFFFF
00000000
AAAAAAAF
99999999
CCCCCCCC
5555E056
AAAA1FAE
AAAAAAA8
FFFFFFFE
AAAAAAAA
AAAAAAAE
99999998
CCCCCCCF
AAAA1FA9
FFFFFFFC
00000001
AAAAAAAC
9999999E
CCCCCCCD
5555E057
AAAA1FAF
00000006
55555550
AAAAAAAF
00000000
33333336
66666663
FFFF4AF9
0000B501
00000007
55555551
00000005
00000001
33333337
66666660
0000B506
55555553
AAAAAAAE
00000003
33333331
66666662
FFFF4AF8
0000B500
33333330
66666666
99999999
33333336
00000000
55555555
CCCC79CF
33338637
33333331
66666667
33333333
33333337
00000001
55555556
33338630
66666665
99999998
33333335
00000007
55555554
CCCC79CE
33338636
66666665
33333333
CCCCCCCC
66666663
55555555
00000000
99992C9A
6666D362
66666664
33333332
66666666
66666662
55555554
00000003
6666D365
33333330
CCCCCCCD
66666660
55555552
00000001
99992C9B
6666D363
FFFF4AFF
AAAA1FA9
5555E056
FFFF4AF9
CCCC79CF
99992C9A
00000000
FFFFFFF8
FFFF4AFE
AAAA1FA8
FFFF4AFC
FFFF4AF8
CCCC79CE
99992C99
FFFFFFFF
AAAA1FAA
5555E057
FFFF4AFA
CCCC79C8
99992C9B
00000001
FFFFFFF9
0000B507
5555E051
AAAA1FAE
0000B501
33338637
6666D362
FFFFFFF8
00000000
0000B506
5555E050
0000B504
0000B500
33338636
6666D361
00000007
5555E052
AAAA1FAF
0000B502
33338630
6666D363
FFFFFFF9
00000001
00000001
55555557
AAAAAAA8
00000007
33333331
66666664
FFFF4AFE
0000B506
00000000
55555556
00000002
00000006
33333330
66666667
0000B501
55555554
AAAAAAA9
00000004
33333336
66666665
FFFF4AFF
0000B507
55555557
FFFFFFFE
55555551
66666667
33333332
AAAA1FA8
5555E050
55555556
00000000
55555554
55555550
66666666
33333331
5555E057
00000002
FFFFFFFF
55555552
66666660
33333333
AAAA1FA9
5555E051
00000003
55555555
AAAAAAAA
00000005
33333333
66666666
0000B504
00000000
AAAAAAAD
9999999F
CCCCCCCC
5555E056
AAAA1FAE
00000005
55555553
AAAAAAAC
00000003
33333335
66666660
FFFF4AFA
0000B502
00000004
55555552
00000006
00000002
33333334
66666663
0000B505
55555550
AAAAAAAD
00000000
33333332
66666661
FFFF4AFB
0000B503
33333337
66666661
9999999E
33333331
00000007
55555552
CCCC79C8
33338630
33333336
66666660
33333334
33333330
00000006
55555551
33338637
66666662
9999999F
33333332
00000000
55555553
CCCC79C9
33338631
66666664
33333332
CCCCCCCD
66666662
55555554
00000001
99992C9B
6666D363
66666665
33333333
66666667
66666663
55555555
00000002
6666D364
33333331
CCCCCCCC
66666661
55555553
00000000
99992C9A
6666D362
FFFF4AFE
AAAA1FA8
5555E057
FFFF4AF8
CCCC79CE
99992C9B
00000001
FFFFFFF9
FFFF4AFF
AAAA1FA9
FFFF4AFD
FFFF4AF9
CCCC79CF
99992C98
FFFFFFFE
AAAA1FAB
5555E056
FFFF4AFB
CCCC79C9
99992C9A
00000000
FFFFFFF8
0000B506
5555E050
AAAA1FAF
0000B500
33338636
6666D363
FFFFFFF9
00000001
0000B507
5555E051
0000B505
0000B501
33338637
6666D360
00000006
5555E053
AAAA1FAE
0000B503
33338631
6666D362
FFFFFFF8
00000000
00000002
55555554
00000000
00000004
33333332
66666665
0000B503
55555556
AAAAAAAB
00000006
33333334
66666667
FFFF4AFD
0000B505
00000007
55555551
AAAAAAAE
00000001
33333337
66666662
FFFF4AF8
0000B500
00000006
55555550
00000004
00000000
33333336
66666661
0000B507
55555552
AAAAAAAF
00000002
33333330
66666663
FFFF4AF9
0000B501
33333331
66666667
99999998
33333337
00000001
55555554
CCCC79CE
33338636
33333330
66666666
33333332
33333336
00000000
55555557
33338631
66666664
99999999
33333334
00000006
55555555
CCCC79CF
33338637
33333330
CCCCCCCF
66666660
55555556
00000003
99992C99
6666D361
66666667
33333331
66666665
66666661
55555557
00000000
6666D366
33333333
CCCCCCCE
66666663
55555551
00000002
99992C98
6666D360
0000B500
5555E056
AAAA1FA9
0000B506
33338630
6666D365
FFFFFFFF
00000007
0000B501
5555E057
0000B503
0000B507
33338631
6666D366
00000000
5555E055
AAAA1FA8
0000B505
33338637
6666D364
FFFFFFFE
00000006
55555555
00000003
FFFFFFFC
55555553
66666665
33333330
AAAA1FAA
5555E052
55555554
00000002
55555556
55555552
66666664
33333333
5555E055
00000000
FFFFFFFD
55555550
66666662
33333331
AAAA1FAB
5555E053
AAAAAAA8
FFFFFFFE
00000001
AAAAAAAE
99999998
CCCCCCCD
5555E057
AAAA1FAF
AAAAAAA9
FFFFFFFF
AAAAAAAB
AAAAAAAF
99999999
CCCCCCCE
AAAA1FA8
FFFFFFFD
00014000
7FFFEFFF
00000480
6F5CA309
00000000
00000000
00000000
