6F5CA309
00000000
00005000
FFFFF000
00003000
00000000
AAAAA000
33333000
66666000
002D4000
003FF000
00002000
55554000
AAAA9000
00004000
33332000
66665000
002D3000
003FE000
55556000
AAAAB000
00006000
33334000
66667000
002D5000
00001000
00400000
00008000
00010000
00020000
00040000
00080000
EFFFF000
DFFFF000
BFFFF000
7FFFF000
00100000
00200000
00800000
01000000
02000000
04000000
08000000
10000000
20000000
40000000
80000000
FFFFE000
FFFFD000
FFFFB000
FFFF7000
FFFEF000
FFFDF000
FFFBF000
FFF7F000
FFEFF000
FFDFF000
FFBFF000
FF7FF000
FEFFF000
FDFFF000
FBFFF000
F7FFF000
55555000
6F5CA309
00000000
00000000
00000000
00000000
