6F5CA309
1FFFF800
00000400
000005FE
00000001
80000010
80000005
00000005
0000000A
AAAAAA8A
FFFFFFF1
0000B50D
FFFF4B1C
00000000
00000085
FE0000FF
00000210
00000402
55555552
55555552
5555554F
FFFFFFFA
FFFFFFEF
007FFFBF
FFFFFF6E
55555454
55555355
00001BFF
AAAAAFFF
FFFFFAAA
00000008
00000018
FFFFFFF4
FFFFFFFF
00000085
FFFFFD00
00000300
000007F6
00001040
00004332
00007C00
0000FEFF
00020004
00040000
00080005
0010002C
001FFFFC
0040002E
00FFFC00
01FFFFEF
03FFFFFE
08000003
0FFFFF7F
3FFFFFFE
FFFFFDFD
FFFFFFF4
FFFFFFCE
0000032B
FFFFFFDA
FFFFFFB6
FFFFFF6E
000000FF
FFFFFBD3
FFFFF803
FFFFF007
FFFFDDFE
FFFFC3FF
FFFF7AA9
FFFF0006
FFFE007F
FFFC0007
FFF7F7FF
FFEFFFDE
FFC00553
FF7FFFF5
FF00002B
FC000005
F8000665
F000002D
E0000002
C0000665
00000006
00000558
FFFFFAAD
00000008
00000336
00000669
FFFFFFD6
00000030
00000005
00000557
00000003
00000007
00000335
00000668
0000002F
00000559
FFFFFAAE
00000009
00000337
0000066A
FFFFFFD7
00000031
55555558
55555AAA
55554FFF
5555555A
55555888
55555BBB
55555528
55555582
55555557
55555AA9
55555555
55555559
55555887
55555BBA
55555581
55555AAB
55555000
5555555B
55555889
55555BBC
55555529
55555583
AAAAAAAD
AAAAA554
AAAAAAAF
AAAAADDD
AAAAB110
AAAAAA7D
AAAAAAD7
AAAAAAAC
AAAAAFFE
AAAAAAAA
AAAAAAAE
AAAAADDC
AAAAB10F
AAAAAAD6
AAAAB000
AAAAA555
AAAAAAB0
AAAAADDE
AAAAB111
AAAAAA7E
AAAAAAD8
00000008
0000055A
FFFFFAAF
00000338
0000066B
FFFFFFD8
00000032
00000007
00000559
00000005
00000009
00000337
0000066A
00000031
0000055B
FFFFFAB0
0000000B
00000339
0000066C
FFFFFFD9
00000033
33333336
33333888
33332DDD
33333338
33333666
33333999
33333306
33333360
33333335
33333887
33333333
33333337
33333665
33333998
3333335F
33333889
33332DDE
33333339
33333667
3333399A
33333307
33333361
66666669
66666BBB
66666110
6666666B
66666999
66666CCC
66666639
66666693
66666668
66666BBA
66666666
6666666A
66666998
66666CCB
66666692
66666BBC
66666111
6666666C
6666699A
66666CCD
6666663A
66666694
FFFF4AFF
FFFF5051
FFFF45A6
FFFF4B01
FFFF4E2F
FFFF5162
FFFF4ACF
FFFF4B29
FFFF4AFE
FFFF5050
FFFF4AFC
FFFF4B00
FFFF4E2E
FFFF5161
FFFF4B28
FFFF5052
FFFF45A7
FFFF4B02
FFFF4E30
FFFF5163
FFFF4AD0
FFFF4B2A
0000B507
0000BA59
0000AFAE
0000B509
0000B837
0000BB6A
0000B4D7
0000B531
0000B506
0000BA58
0000B504
0000B508
0000B836
0000BB69
0000B530
0000BA5A
0000AFAF
0000B50A
0000B838
0000BB6B
0000B4D8
0000B532
00000005
00000557
FFFFFAAC
00000007
00000335
00000668
FFFFFFD5
0000002F
00000004
00000556
00000002
00000006
00000334
00000667
0000002E
00000558
FFFFFAAD
00000008
00000336
00000669
FFFFFFD6
00000030
55555557
55555AA9
55554FFE
55555559
55555887
55555BBA
55555527
55555581
55555556
55555AA8
55555554
55555558
55555886
55555BB9
55555580
55555AAA
55554FFF
5555555A
55555888
55555BBB
55555528
55555582
00000003
00000555
00000005
00000333
00000666
FFFFFFD3
0000002D
33333666
33333999
33333360
3333388A
33332DDF
3333333A
33333668
3333399B
33333308
33333362
6666666A
66666BBC
66666111
6666666C
6666699A
66666CCD
6666663A
66666694
66666669
66666BBB
66666667
6666666B
66666999
66666CCC
66666693
66666BBD
66666112
6666666D
6666699B
66666CCE
6666663B
66666695
FFFF4B00
FFFF5052
FFFF45A7
FFFF4B02
FFFF4E30
FFFF5163
FFFF4AD0
FFFF4B2A
FFFF4AFF
FFFF5051
FFFF4AFD
FFFF4B01
FFFF4E2F
FFFF5162
FFFF4B29
FFFF5053
FFFF45A8
FFFF4B03
FFFF4E31
FFFF5164
FFFF4AD1
FFFF4B2B
0000B508
0000BA5A
0000AFAF
0000B50A
0000B838
0000BB6B
0000B4D8
0000B532
0000B507
0000BA59
0000B505
0000B509
0000B837
0000BB6A
0000B531
0000BA5B
0000AFB0
0000B50B
0000B839
0000BB6C
0000B4D9
0000B533
00000002
00000554
00000000
00000004
00000332
00000665
0000002C
00000556
FFFFFAAB
00000006
00000334
00000667
FFFFFFD4
0000002E
00000007
00000559
FFFFFAAE
00000009
00000337
0000066A
FFFFFFD7
00000031
00000006
00000558
00000004
00000336
00000669
00000030
0000055A
FFFFFAAF
0000000A
00000338
0000066B
FFFFFFD8
00000032
33333335
33333887
33332DDC
33333337
33333665
33333998
33333305
3333335F
33333334
33333886
33333332
33333336
33333664
33333997
3333335E
33333888
33332DDD
33333338
33333666
33333999
33333306
33333360
66666668
66666BBA
6666610F
6666666A
66666998
66666CCB
66666638
66666692
66666667
66666BB9
66666665
66666669
66666997
66666CCA
66666691
66666BBB
66666110
6666666B
66666999
66666CCC
66666639
66666693
0000B506
0000BA58
0000AFAD
0000B508
0000B836
0000BB69
0000B4D6
0000B530
0000B505
0000BA57
0000B503
0000B507
0000B835
0000BB68
0000B52F
0000BA59
0000AFAE
0000B509
0000B837
0000BB6A
0000B4D7
0000B531
55555559
55555AAB
55555000
5555555B
55555889
55555BBC
55555529
55555583
55555558
55555AAA
55555556
5555555A
55555888
55555BBB
55555582
55555AAC
55555001
5555555C
5555588A
55555BBD
5555552A
55555584
AAAAAAAE
AAAAB000
AAAAA555
AAAAAAB0
AAAAADDE
AAAAB111
AAAAAA7E
AAAAAAD8
AAAAAAAD
AAAAAFFF
AAAAAAAB
AAAAAAAF
AAAAADDD
AAAAB110
AAAAAAD7
AAAAB001
AAAAA556
AAAAAAB1
AAAAADDF
AAAAB112
AAAAAA7F
AAAAAAD9
00000009
0000055B
FFFFFAB0
0000000B
00000339
0000066C
FFFFFFD9
00000033
00000008
0000055A
00000006
0000000A
00000338
0000066B
00000032
0000055C
FFFFFAB1
0000000C
0000033A
0000066D
FFFFFFDA
00000034
33333337
33333889
33332DDE
33333339
33333667
3333399A
33333307
33333361
33333336
33333888
33333334
33333338
FFE0003F
6F5CA309
00000000
00000000
