6F5CA309
FFFFF800
00000000
000007FF
00000001
00000000
00000000
00000006
00000000
00000080
7FFFFFD4
00000000
00000000
00000000
00000000
00000040
00000000
00000200
00000000
66666666
FFEFFFFD
00000200
00004000
00200000
FFFFFFDD
FFFFFFBA
00000040
00000000
FFFF7DFF
00000040
00000555
40000000
00000000
00000004
00000000
00000000
00000000
00000400
00000800
00000000
00002000
00008000
00000000
00000000
00000000
00000000
00000000
00400000
00800000
02000000
04000000
00000000
00000000
00000000
FFFFFFF5
00000546
00000004
00000009
FFFFFF7D
00000234
00000000
00000040
00000009
00000667
000007FF
FFFBFFD3
00000200
FFDFFFD4
00000005
00000007
00000006
00000008
0000002E
00000001
DFFFFFD4
00000556
55555551
00000080
00000003
00000001
00000002
00000001
00000003
00000002
00000003
00000001
00000002
00000000
00000000
00000000
00000002
00000001
00000000
00000002
00000003
00000002
00000000
00000003
00000000
00000002
00000001
00000555
55555000
00000005
00000111
00000444
55555551
00000005
00000000
00000554
00000000
00000004
00000110
00000445
00000004
00000554
55555001
00000004
00000114
00000445
55555554
00000004
00000002
00000000
AAAAAAAA
00000000
00000222
00000222
AAAAAA82
00000028
00000002
00000000
00000000
00000000
00000222
00000220
00000028
00000002
AAAAAAAA
00000002
00000220
00000222
AAAAAA80
0000002A
00000001
00000005
00000000
00000005
00000001
00000004
00000001
00000005
00000000
00000004
00000000
00000004
00000000
00000005
00000004
00000004
00000001
00000004
00000004
00000005
00000004
00000004
00000003
00000111
33333222
00000001
00000333
00000222
33333313
00000021
00000002
00000110
00000000
00000000
00000332
00000221
00000020
00000112
33333223
00000002
00000330
00000223
33333310
00000022
00000002
00000444
66666222
00000004
00000222
00000666
66666642
00000024
00000002
00000444
00000000
00000004
00000222
00000664
00000024
00000446
66666222
00000006
00000224
00000666
66666644
00000026
00000000
00000054
FFFF4AA8
00000004
00000230
00000264
FFFF4AD0
0000002C
00000000
00000054
00000000
00000004
00000230
00000264
0000002C
00000054
FFFF4AA8
00000004
00000234
00000264
FFFF4AD4
0000002C
00000000
00000504
0000B000
00000004
00000100
00000404
0000B500
00000004
00000000
00000504
00000000
00000004
00000100
00000404
00000004
00000504
0000B000
00000004
00000104
00000404
0000B504
00000004
00000002
00000000
00000002
00000000
00000002
00000002
00000002
00000000
00000002
00000000
00000000
00000000
00000002
00000000
00000000
00000002
00000002
00000002
00000000
00000002
00000000
00000002
00000000
00000554
55555000
00000004
00000110
00000444
55555550
00000004
00000000
00000554
00000000
00000004
00000110
00000444
00000004
00000554
55555000
00000004
00000114
00000444
55555554
00000004
00000000
00000000
00000000
00000000
00000000
00000000
00000000
00000000
00000330
00000224
00000024
00000114
33333220
00000004
00000334
00000224
33333314
00000024
00000003
00000445
66666222
00000005
00000223
00000666
66666643
00000025
00000002
00000444
00000000
00000004
00000222
00000665
00000024
00000446
66666223
00000006
00000224
00000667
66666644
00000026
00000001
00000055
FFFF4AA8
00000005
00000231
00000264
FFFF4AD1
0000002D
00000000
00000054
00000000
00000004
00000230
00000265
0000002C
00000054
FFFF4AA9
00000004
00000234
00000265
FFFF4AD4
0000002C
00000001
00000505
0000B000
00000005
00000101
00000404
0000B501
00000005
00000000
00000504
00000000
00000004
00000100
00000405
00000004
00000504
0000B001
00000004
00000104
00000405
0000B504
00000004
00000000
00000000
00000000
00000000
00000000
00000000
00000000
00000000
00000000
00000000
00000000
00000000
00000000
00000000
00000000
00000004
00000000
00000004
00000000
00000004
00000000
00000004
00000000
00000004
00000000
00000004
00000000
00000004
00000004
00000004
00000000
00000004
00000004
00000004
00000004
00000002
00000110
33333222
00000000
00000332
00000222
33333312
00000020
00000002
00000110
00000000
00000000
00000332
00000220
00000020
00000112
33333222
00000002
00000330
00000222
33333310
00000022
00000001
00000445
66666220
00000005
00000221
00000664
66666641
00000025
00000000
00000444
00000000
00000004
00000220
00000665
00000024
00000444
66666221
00000004
00000224
00000665
66666644
00000024
00000003
00000501
0000B002
00000001
00000103
00000402
0000B503
00000001
00000002
00000500
00000000
00000000
00000102
00000401
00000000
00000502
0000B003
00000002
00000100
00000403
0000B500
00000002
00000002
00000554
55555002
00000004
00000112
00000446
55555552
00000004
00000002
00000554
00000000
00000004
00000112
00000444
00000004
00000556
55555002
00000006
00000114
00000446
55555554
00000006
00000003
00000001
AAAAAAAA
00000001
00000223
00000222
AAAAAA83
00000029
00000002
00000000
00000000
00000000
00000222
00000221
00000028
00000002
AAAAAAAB
00000002
00000220
00000223
AAAAAA80
0000002A
00000002
00000004
00000002
00000004
00000002
00000006
00000002
00000004
00000002
00000004
00000000
00000004
00000002
00000004
00000004
00000006
00000002
00000006
00000004
00000006
00000004
00000006
00000000
00000114
33333220
00000004
00000330
00000224
33333310
00000024
00000000
00000114
00000000
00000004
00000000
FFFF4AFC
6F5CA309
00000000
