6F5CA309
DEADBE00
DEADBE00
DEADBEFF
DEADBE01
DEADBEFF
DE00BEEF
DEFFBEEF
DE04BEEF
DEAABEEF
DEADF9EF
DEAD00EF
DEADFFEF
DEADFFEF
00ADBEEF
FFADBEEF
FFADBEEF
00ADBEEF
DEADBEFF
DEADBE02
DEADBE08
DEADBE10
DEADBE20
DEADBE40
DEADBE80
DEADBE00
DEADBE00
DEADBE00
DEADBE00
DEADBE00
DEADBE00
DEADBE00
DEADBE00
DEADBE00
DEADBE00
DEADBE00
DEADBE00
DEADBE00
DEADBE00
DEADBEFF
DEADBEFF
DEADBEFF
DEADBEFF
DEADBEFF
DEADBEFF
DEADBEFF
DEADBEFF
DEADBEFF
DEADBEFF
DEADBEFF
DEADBEFF
DEADBEFF
DEADBEFF
DEADBEFF
DEADBE55
DEADBE00
DEADBE00
DEADBE00
DEADBE00
DEADBE00
DEADBE00
DEADBEFE
DEADBEFD
DEADBEFB
DEADBEF7
DEADBEEF
DEADBEBF
DEADBE7F
DEADBEFF
DEADBEFF
DEADDFEF
6F5CA309
00000000
