6F5CA309
00100010
00000002
EFFFFFFF
FFFFF7FF
FFEFFFFF
80020000
FFFFDFFF
7FFFFFFF
FF7FFFFF
80000000
7FFFFFFF
55555555
00001002
FF7FFFFF
FFFFFBFF
7FFFFFFF
FFFFFDFF
0000B504
00000204
FFEFFFFF
00000800
FBFFFFFF
00002004
FFFEFFFF
00088000
FFFFFFFC
55575555
FFFF4AFC
00080004
FFFFEFFF
00000000
00800000
01000040
FFFFFFF7
55555556
09000000
FFFFFFFA
AAAAAAAA
40800000
FFFFFFFE
FFFFFFFD
FFFFFFFB
FFFFFFF7
FFFFFFEF
FFFFFFFF
FFFFFFBF
FFFFFFFF
FFFFFFFF
FFFFFFFF
FFFFEFFF
FFFFDFFF
FFFFBFFF
FFFFFFFF
FFFFFFFF
FFFFFFFF
FFFFFFFF
FFF7FFFF
FFDFFFFF
FFBFFFFF
FFFFFFFF
FEFFFFFF
FFFFFFFF
FBFFFFFF
F7FFFFFF
EFFFFFFF
DFFFFFFF
BFFFFFFF
FFFFFFFD
FFFFFFFF
FFFFFFF9
FFFFFFF9
FBFFFFFF
AAAAAEAA
FFDFFFFF
0000B503
FFFFFFFA
00008800
FEFFFFFF
00200000
FFFF4AFD
3FFFFFFF
FFF7FFFF
08000020
FFFFDFFF
40000008
FFFFFFFE
FFFFFFFD
FFFFFFFF
FFFFFFFF
FFFFFFBF
FFFFFF7F
FFFFBFFF
FFFFFFFF
FFFBFFFF
FFFFFFFF
FFFFFFFF
FEFFFFFF
FDFFFFFF
FFFFFFFF
BFFFFFFF
00000003
55555557
AAAAAAAB
00000007
33333333
66666667
FFFF4AFF
0000B507
00000003
55555557
00000003
00000007
33333333
66666667
0000B503
55555557
AAAAAAAB
00000007
33333337
66666667
FFFF4AFF
0000B507
55555557
55555555
FFFFFFFF
55555555
77777777
77777777
FFFF5FFD
5555F555
55555557
55555555
55555555
55555555
77777777
77777775
5555F557
55555557
FFFFFFFF
55555557
77777775
77777777
FFFF5FFD
5555F555
AAAAAAAB
FFFFFFFF
AAAAAAAA
AAAAAAAF
BBBBBBBB
EEEEEEEE
FFFFEAFE
AAAABFAE
AAAAAAAA
FFFFFFFE
AAAAAAAA
AAAAAAAE
BBBBBBBA
EEEEEEEF
AAAABFAB
FFFFFFFE
AAAAAAAB
AAAAAAAE
BBBBBBBE
EEEEEEEF
FFFFEAFF
AAAABFAF
00000007
55555555
AAAAAAAF
00000005
33333337
66666667
FFFF4AFD
0000B505
00000007
55555555
00000005
00000005
33333337
66666665
0000B507
55555557
AAAAAAAF
00000007
33333335
66666667
FFFF4AFD
0000B505
33333333
77777777
BBBBBBBB
33333337
33333333
77777777
FFFF7BFF
3333B737
33333333
77777777
33333333
33333337
33333333
77777777
3333B733
77777777
BBBBBBBB
33333337
33333337
77777777
FFFF7BFF
3333B737
66666667
77777777
EEEEEEEE
66666667
77777777
66666666
FFFF6EFE
6666F766
66666666
77777776
66666666
66666666
77777776
66666667
6666F767
77777776
EEEEEEEF
66666666
77777776
66666667
FFFF6EFF
6666F767
FFFF4AFF
FFFF5FFD
FFFFEAFE
FFFF4AFD
FFFF7BFF
FFFF6EFE
FFFF4AFC
FFFFFFFC
FFFF4AFE
FFFF5FFC
FFFF4AFC
FFFF4AFC
FFFF7BFE
FFFF6EFD
FFFFFFFF
FFFF5FFE
FFFFEAFF
FFFF4AFE
FFFF7BFC
FFFF6EFF
FFFF4AFD
FFFFFFFD
0000B507
5555F555
AAAABFAE
0000B505
3333B737
6666F766
FFFFFFFC
0000B504
0000B506
5555F554
0000B504
0000B504
3333B736
6666F765
0000B507
5555F556
AAAABFAF
0000B506
3333B734
6666F767
FFFFFFFD
0000B505
00000003
55555557
AAAAAAAA
00000007
33333333
66666666
FFFF4AFE
0000B506
00000002
55555556
00000002
00000006
33333332
66666667
0000B503
55555556
AAAAAAAB
00000006
33333336
66666667
FFFF4AFF
0000B507
55555557
55555555
FFFFFFFE
55555555
77777777
77777776
FFFF5FFC
5555F554
55555556
55555554
55555554
55555554
77777776
77777775
5555F557
55555556
FFFFFFFF
55555556
77777774
77777777
FFFF5FFD
5555F555
00000003
55555555
AAAAAAAA
00000005
33333333
66666666
FFFF4AFC
0000B504
00000002
AAAAAAAB
AAAAAAAF
BBBBBBBF
EEEEEEEF
FFFFEAFF
AAAABFAF
00000007
55555557
AAAAAAAE
00000007
33333337
66666666
FFFF4AFE
0000B506
00000006
55555556
00000006
00000006
33333336
66666667
0000B507
55555556
AAAAAAAF
00000006
33333336
66666667
FFFF4AFF
0000B507
33333337
77777775
BBBBBBBE
33333335
33333337
77777776
FFFF7BFC
3333B734
33333336
77777774
33333334
33333334
33333336
77777775
3333B737
77777776
BBBBBBBF
33333336
33333334
77777777
FFFF7BFD
3333B735
66666667
77777777
EEEEEEEF
66666667
77777777
66666667
FFFF6EFF
6666F767
66666667
77777777
66666667
66666667
77777777
66666667
6666F767
77777777
EEEEEEEF
66666667
77777777
66666667
FFFF6EFF
6666F767
FFFF4AFF
FFFF5FFD
FFFFEAFF
FFFF4AFD
FFFF7BFF
FFFF6EFF
FFFF4AFD
FFFFFFFD
FFFF4AFF
FFFF5FFD
FFFF4AFD
FFFF4AFD
FFFF7BFF
FFFF6EFD
FFFFFFFF
FFFF5FFF
FFFFEAFF
FFFF4AFF
FFFF7BFD
FFFF6EFF
FFFF4AFD
FFFFFFFD
0000B507
5555F555
AAAABFAF
0000B505
3333B737
6666F767
FFFFFFFD
0000B505
0000B507
5555F555
0000B505
0000B505
3333B737
6666F765
0000B507
5555F557
AAAABFAF
0000B507
3333B735
6666F767
FFFFFFFD
0000B505
55555554
00000000
00000004
33333332
66666665
0000B503
55555556
AAAAAAAB
00000006
33333334
66666667
FFFF4AFD
0000B505
00000007
55555555
AAAAAAAE
00000005
33333337
66666666
FFFF4AFC
0000B504
00000006
55555554
00000004
00000004
33333336
66666665
0000B507
55555556
AAAAAAAF
00000006
33333334
66666667
FFFF4AFD
0000B505
33333333
77777777
BBBBBBBA
33333337
33333333
77777776
FFFF7BFE
3333B736
33333332
77777776
33333332
33333336
33333332
77777777
3333B733
77777776
BBBBBBBB
33333336
33333336
77777777
FFFF7BFF
3333B737
66666667
77777775
EEEEEEEF
66666665
77777777
66666667
FFFF6EFD
6666F765
66666667
77777775
66666665
66666665
77777777
66666665
6666F767
77777777
EEEEEEEF
66666667
77777775
66666667
FFFF6EFD
6666F765
0000B503
5555F557
AAAABFAB
0000B507
3333B733
6666F767
FFFFFFFF
0000B507
0000B503
5555F557
0000B503
0000B507
3333B733
6666F767
0000B503
5555F557
AAAABFAB
0000B507
3333B737
6666F767
FFFFFFFF
0000B507
55555557
55555557
FFFFFFFE
55555557
77777777
77777776
FFFF5FFE
5555F556
55555556
55555556
55555556
55555556
77777776
77777777
5555F557
55555556
FFFFFFFF
55555556
77777776
77777777
FFFF5FFF
5555F557
AAAAAAAB
FFFFFFFF
AAAAAAAB
AAAAAAAF
BBBBBBBB
EEEEEEEF
FFFFEAFF
AAAABFAF
AAAAAAAB
FFFFFFFF
AAAAAAAB
AAAAAAAF
BBBBBBBB
EEEEEEEF
AAAABFAB
FFFFFFFF
FFFFF7FF
FFFFFFFF
33333332
6F5CA309
00000000
00000000
00000000
00000000
