6F5CA309
0000B52F
FFFFFFD5
0000B767
0000B735
0000B507
FFFFFFAF
0000B557
0000B52D
0000B765
0000B737
0000B505
0000B505
0000B555
0000B507
0000B52D
FFFFFFD7
0000B767
0000B737
0000B505
FFFFFFAF
0000B555
0000B507
FFFF4AFF
FFFFFFFD
FFFF4EFF
FFFF4BFD
FFFF4AFF
FFFFFAFF
FFFF4FFF
FFFF4AFD
FFFF4EFD
00000332
FFFF4AFD
FFFF4AFD
FFFF4FFD
FFFF4AFF
FFFF4AFD
FFFFFFFF
FFFF4EFF
FFFF4BFF
FFFF4AFD
FFFFFAFF
FFFF4FFD
FFFF4AFF
6666666F
FFFFFFF7
66666667
66666777
66666667
FFFFFEEF
66666777
6666666F
66666667
66666777
66666667
66666667
66666777
66666667
6666666F
FFFFFFF7
66666667
66666777
66666667
FFFFFEEF
66666777
66666667
3333333E
FFFFFFF4
33333777
33333334
33333336
FFFFFBBF
33333776
3333333C
33333775
33333336
33333334
33333334
33333774
33333336
3333333D
FFFFFFF7
33333776
33333337
33333335
FFFFFBBE
33333775
33333337
0000002E
FFFFFFD6
00000667
00000336
00000006
FFFFFAAF
00000556
0000002E
00000667
00000336
00000006
00000006
00000556
00000006
0000002F
FFFFFFD7
00000666
00000337
00000007
FFFFFAAE
00000557
00000007
AAAAAAAF
FFFFFFFF
AAAAAEEF
AAAAABBF
AAAAAAAF
FFFFFAAB
AAAAAFFF
AAAAAAAF
AAAAAEEF
AAAAABBB
AAAAAAAF
AAAAAAAB
AAAAAFFF
AAAAAAAB
AAAAAAAF
FFFFFFFB
AAAAAEEF
AAAAABBB
AAAAAAAF
FFFFFAAB
AAAAAFFF
AAAAAAAB
5555557E
FFFFFFD6
55555777
55555776
55555556
FFFFFFFF
55555556
5555557E
55555777
55555776
55555556
55555556
55555556
55555556
5555557F
FFFFFFD7
55555776
55555777
55555557
FFFFFFFE
55555557
55555557
0000B52F
FFFFFFD7
0000B767
0000B737
0000B507
FFFFFFAB
0000B557
0000B52F
0000B767
0000B733
0000B507
0000B503
0000B557
0000B503
0000B52F
FFFFFFD3
0000B767
0000B733
0000B507
FFFFFFAB
0000B557
0000B503
6666666F
FFFFFFF5
66666667
66666775
66666667
FFFFFEEF
66666777
6666666D
66666665
66666777
66666665
66666665
66666775
66666667
6666666D
FFFFFFF7
66666667
66666777
66666665
FFFFFEEF
66666775
66666667
3333333E
FFFFFFF6
33333777
33333336
33333336
FFFFFBBB
33333776
3333333E
33333777
33333332
33333336
33333332
33333776
33333332
3333333F
FFFFFFF3
33333776
33333333
33333337
FFFFFBBA
33333777
33333333
0000002E
FFFFFFD4
00000667
00000334
00000006
FFFFFAAF
00000556
0000002C
00000665
00000336
00000004
00000004
00000554
00000006
0000002D
FFFFFFD7
00000666
00000337
00000005
FFFFFAAE
00000555
00000007
0000002E
FFFFFFD4
00000667
00000334
00000006
FFFFFAAB
00000556
0000002C
00000665
00000332
00000004
00000000
00000554
00000002
0000002D
FFFFFFD3
00000666
00000333
00000005
FFFFFAAA
00000555
00000003
5555557E
FFFFFFD4
55555777
55555774
55555556
FFFFFFFF
55555556
5555557C
55555775
55555776
55555554
55555554
55555554
55555556
5555557D
FFFFFFD7
55555776
55555777
55555555
FFFFFFFE
55555555
55555557
0000002E
FFFFFFD6
00000667
00000336
00000006
FFFFFAAB
00000556
0000002E
00000667
00000332
00000006
00000002
00000556
00000002
0000002F
FFFFFFD3
00000666
00000333
00000007
FFFFFAAA
00000557
00000003
0000B52E
FFFFFFD4
0000B767
0000B734
0000B506
FFFFFFAF
0000B556
0000B52C
0000B765
0000B736
0000B504
0000B504
0000B554
0000B506
0000B52D
FFFFFFD7
0000B766
0000B737
0000B505
FFFFFFAE
0000B555
0000B507
FFFF4AFE
FFFFFFFC
FFFF4EFF
FFFF4BFC
FFFF4AFE
FFFFFAFF
FFFF4FFE
FFFF4AFC
FFFF4EFD
FFFF4BFE
FFFF4AFC
FFFF4AFC
FFFF4FFC
FFFF4AFE
FFFF4AFD
FFFFFFFF
FFFF4EFE
FFFF4BFF
FFFF4AFD
FFFFFAFE
FFFF4FFD
FFFF4AFF
6666666E
FFFFFFF6
66666667
66666776
66666666
FFFFFEEF
66666776
6666666E
66666667
66666776
66666666
66666666
66666776
66666666
6666666F
FFFFFFF7
66666666
66666777
66666667
FFFFFEEE
66666777
66666667
3333333F
FFFFFFF7
33333777
33333337
33333337
FFFFFBBB
33333777
3333333F
33333777
33333333
33333337
33333333
33333777
33333333
3333333F
FFFFFFF3
33333777
33333333
33333337
FFFFFBBB
33333777
33333333
0000002F
FFFFFFD5
00000667
00000335
00000007
FFFFFAAF
00000557
FFFFF801
FFFFFFFF
FFFFF800
80000001
800007FF
FFFF4BFF
6F5CA309
00000000
00000000
