6F5CA309
CCCCCB34
00000004
FFFFF803
00000003
80000554
FFFFFBFF
80000009
00000005
00000000
FFFFFFDD
80000008
BFFFFFEF
7FFFFFDF
66666626
FFF7FF7F
FFFF4BFC
00000200
FFEFFBFF
00000007
FFFFFFF8
0000B507
FFFFFFF6
99999988
00000060
00000000
AAAAAA2A
FFFFFEFF
3FFFFAAA
00000553
00000008
00000011
00000575
00000140
00000085
FFFFFEBF
00000202
FFFFFEAB
00000804
00001008
00002554
00004004
000087FF
00010040
0002002C
FFFBFAAA
00080333
FFEFFFFA
FFDFFFFD
00400555
FF7FFFF7
01000005
FDFFFDFF
04000000
08000334
EFFFFFBF
20000555
BFFFFAAA
FFFFFFFA
00000000
000003FB
0000055C
FFFFFF6F
FFFFF919
FFFFFEF9
FFFFFBF9
FFFFF7FD
FFFFEFFF
FFFFD800
0000402B
FFFF799A
FFFEFCCD
00020100
000407FF
FFDFFFFF
FFBFF99A
FF7FF998
01000555
02000007
04000001
080003FF
1000002B
20000100
AAAAA8AA
00000000
00000556
FFFFFAA9
00000006
00000330
00000665
FFFFFFD0
0000002E
00000001
00000557
00000003
00000007
00000331
00000666
0000002F
00000555
FFFFFAA8
00000005
00000337
00000664
FFFFFFD7
0000002D
55555556
55555000
AAAAAFFF
55555550
55555666
55555333
AAAAAA86
55555578
55555557
55555001
55555555
55555551
55555667
55555330
55555579
55555003
AAAAAFFE
55555553
55555661
55555332
AAAAAA81
5555557B
AAAAAAA9
AAAAAFFF
55555000
AAAAAAAF
AAAAA999
AAAAACCC
55555579
AAAAAA87
AAAAAAA8
AAAAAFFE
AAAAAAAA
AAAAAAAE
AAAAA998
AAAAACCF
AAAAAA86
AAAAAFFC
55555001
AAAAAAAC
AAAAA99E
AAAAACCD
5555557E
AAAAAA84
00000006
00000550
FFFFFAAF
00000000
00000336
00000663
FFFFFFD6
00000028
00000007
00000551
00000005
00000001
00000337
00000660
00000029
00000553
FFFFFAAE
00000003
00000331
00000662
FFFFFFD1
0000002B
33333330
33333666
CCCCC999
33333336
33333000
33333555
CCCCCCE0
3333331E
33333331
33333667
33333333
33333337
33333001
33333556
3333331F
33333665
CCCCC998
33333335
33333007
33333554
CCCCCCE7
3333331D
66666665
66666333
99999CCC
66666663
66666555
66666000
999999B5
6666664B
66666664
66666332
66666666
66666662
66666554
66666003
6666664A
66666330
99999CCD
66666660
66666552
66666001
999999B2
66666648
FFFF4AFF
FFFF4FA9
0000B056
FFFF4AF9
FFFF49CF
FFFF4C9A
0000B52F
FFFF4AD1
FFFF4AFE
FFFF4FA8
FFFF4AFC
FFFF4AF8
FFFF49CE
FFFF4C99
FFFF4AD0
FFFF4FAA
0000B057
FFFF4AFA
FFFF49C8
FFFF4C9B
0000B528
FFFF4AD2
0000B507
0000B051
FFFF4FAE
0000B501
0000B637
0000B362
FFFF4AD7
0000B529
0000B506
0000B050
0000B504
0000B500
0000B636
0000B361
0000B528
0000B052
FFFF4FAF
0000B502
0000B630
0000B363
FFFF4AD0
0000B52A
00000001
00000557
FFFFFAA8
00000007
00000331
00000664
FFFFFFD1
0000002F
00000000
00000556
00000002
00000006
00000330
00000667
0000002E
00000554
FFFFFAA9
00000004
00000336
00000665
FFFFFFD6
0000002C
55555557
55555001
AAAAAFFE
55555551
55555667
55555332
AAAAAA87
55555579
55555556
55555000
55555554
55555550
55555666
55555331
55555578
55555002
AAAAAFFF
55555552
55555660
55555333
AAAAAA80
5555557A
00000003
00000555
FFFFFAAA
00000005
00000333
00000666
FFFFFFD3
0000002D
33333006
33333551
33333318
33333662
CCCCC99F
33333332
33333000
33333553
CCCCCCE0
3333331A
66666664
66666332
99999CCD
66666662
66666554
66666001
999999B4
6666664A
66666665
66666333
66666667
66666663
66666555
66666002
6666664B
66666331
99999CCC
66666661
66666553
66666000
999999B3
66666649
FFFF4AFE
FFFF4FA8
0000B057
FFFF4AF8
FFFF49CE
FFFF4C9B
0000B52E
FFFF4AD0
FFFF4AFF
FFFF4FA9
FFFF4AFD
FFFF4AF9
FFFF49CF
FFFF4C98
FFFF4AD1
FFFF4FAB
0000B056
FFFF4AFB
FFFF49C9
FFFF4C9A
0000B529
FFFF4AD3
0000B506
0000B050
FFFF4FAF
0000B500
0000B636
0000B363
FFFF4AD6
0000B528
0000B507
0000B051
0000B505
0000B501
0000B637
0000B360
0000B529
0000B053
FFFF4FAE
0000B503
0000B631
0000B362
FFFF4AD1
0000B52B
00000002
00000554
00000000
00000004
00000332
00000665
0000002C
00000556
FFFFFAAB
00000006
00000334
00000667
FFFFFFD4
0000002E
00000007
00000551
FFFFFAAE
00000001
00000337
00000662
FFFFFFD7
00000029
00000006
00000550
00000000
00000336
00000661
00000028
00000552
FFFFFAAF
00000002
00000330
00000663
FFFFFFD0
0000002A
33333331
33333667
CCCCC998
33333337
33333001
33333554
CCCCCCE1
3333331F
33333330
33333666
33333332
33333336
33333000
33333557
3333331E
33333664
CCCCC999
33333334
33333006
33333555
CCCCCCE6
3333331C
66666666
66666330
99999CCF
66666660
66666556
66666003
999999B6
66666648
66666667
66666331
66666665
66666661
66666557
66666000
66666649
66666333
99999CCE
66666663
66666551
66666002
999999B1
6666664B
0000B500
0000B056
FFFF4FA9
0000B506
0000B630
0000B365
FFFF4AD0
0000B52E
0000B501
0000B057
0000B503
0000B507
0000B631
0000B366
0000B52F
0000B055
FFFF4FA8
0000B505
0000B637
0000B364
FFFF4AD7
0000B52D
55555555
55555003
AAAAAFFC
55555553
55555665
55555330
AAAAAA85
5555557B
55555554
55555002
55555556
55555552
55555664
55555333
5555557A
55555000
AAAAAFFD
55555550
55555662
55555331
AAAAAA82
55555578
AAAAAAA8
AAAAAFFE
55555001
AAAAAAAE
AAAAA998
AAAAACCD
55555578
AAAAAA86
AAAAAAA9
AAAAAFFF
AAAAAAAB
AAAAAAAF
AAAAA999
AAAAACCE
AAAAAA87
AAAAAFFD
55555000
AAAAAAAD
AAAAA99F
AAAAACCC
5555557F
AAAAAA85
00000005
00000553
FFFFFAAC
00000003
00000335
00000660
FFFFFFD5
0000002B
00000004
00000552
00000006
00000002
00000334
00000663
0000002A
00000550
FFFFFAAD
00000000
00000332
00000661
FFFFFFD2
00000028
33333337
33333661
CCCCC99E
33333331
33333007
33333552
CCCCCCE7
33333319
33333336
33333660
33333334
33333330
6F5CA309
00000000
