6F5CA309
00000000
00000800
FFFFFFFD
7FFFFFFF
00000005
00000000
00000000
00000001
00000000
00000000
55555555
00000000
00000000
00000004
00000008
00000000
00000020
00000040
00000080
00000000
00000400
00000000
00002000
00000000
00000000
00000000
00000000
00000000
00000000
00000000
00200000
00000000
00000000
01000000
00000000
00000000
08000000
00000000
20000000
00000000
FFFFFDFE
BFFFFFFD
00800000
FFFFFDF7
F7FFFFEF
00000003
00000080
FFFFFF79
FFFFFEF7
AAAAA8AA
FF7FFBFF
FFEFF7FF
00000400
66664666
00000007
02000000
40000000
FFFDFFFB
00000000
00000010
00000400
FFBFFFFF
00020000
FEFBFFFF
00000006
AAAAAAAB
F7FFFFEF
CFFFFFFF
DFFF4AFD
80000000
AAAA0AA8
00000000
00000000
00000000
00000000
00000000
00000000
00008000
00080000
00100000
00000000
00400000
00000000
00000000
00000000
00000000
EFFFFFFE
33333312
FFBFFFBF
FFFFBBFF
FFFFF7F9
FFFFEF7F
FFFFDFFB
00000004
FFD7FFFF
00000004
33333334
7EFFFFFF
62666665
EFFF4AFD
00000003
00000001
00000002
00000001
00000003
00000002
00000000
00000000
00000002
00000000
00000000
00000000
00000002
00000001
00000003
00000002
00000003
00000002
00000000
00000003
00000001
00000001
00000001
55555555
00000000
00000005
11111111
44444444
55554054
00001504
00000000
55555554
00000000
00000004
11111110
44444445
00001501
55555554
00000001
00000004
11111114
44444445
55554055
00001505
00000002
00000000
AAAAAAAA
00000000
22222222
22222222
AAAA0AA8
0000A000
00000002
00000000
00000000
00000000
22222222
22222220
0000A002
00000002
AAAAAAAA
00000002
22222220
22222222
AAAA0AA8
0000A000
00000001
00000005
00000000
00000001
00000004
00000004
00000004
00000000
00000004
00000000
00000004
00000000
00000005
00000001
00000004
00000001
00000004
00000004
00000005
00000005
00000005
00000003
11111111
22222222
00000001
33333333
22222222
33330230
00003100
00000002
11111110
00000000
33333332
22222221
00003103
11111112
22222223
00000002
33333330
22222223
33330231
00003101
00000002
44444444
22222222
00000004
22222222
66666666
66664264
00002404
00000002
44444444
00000000
00000004
22222222
66666664
00002402
44444446
22222222
00000006
22222224
66666666
66664264
00002404
00000000
55554054
00000004
33330230
66664264
FFFF4AFC
00000004
00000000
55554054
00000000
00000004
33330230
66664264
00000000
55554054
AAAA0AA8
00000004
33330234
66664264
FFFF4AFC
00000004
00000000
00001504
0000A000
00000004
00003100
00002404
00000004
0000B504
00000000
00001504
00000000
00000004
00003100
00002404
0000B500
00001504
0000A000
00000004
00003104
00002404
00000004
0000B504
00000002
00000000
00000002
00000000
00000002
00000002
00000000
00000000
00000002
00000000
00000000
00000000
00000002
00000000
00000002
00000002
00000002
00000002
00000000
00000002
00000000
00000000
00000000
55555554
00000000
00000004
11111110
44444444
55554054
00001504
00000000
55555554
00000000
00000004
11111110
44444444
00001500
55555554
00000000
00000004
11111114
44444444
55554054
00001504
00000000
00000000
00000000
00000000
00000000
00000000
00000000
00000000
00000000
AAAAAAAB
00000002
22222220
22222223
AAAA0AA9
0000A001
00000002
00000004
00000002
00000004
00000002
00000006
00000004
00000004
00000002
00000004
00000000
00000004
00000002
00000004
00000002
00000006
00000002
00000006
00000004
00000006
00000004
00000004
00000000
11111114
22222220
00000004
33333330
22222224
33330234
00003104
00000000
11111114
00000000
00000004
33333330
22222224
00003100
11111114
22222220
00000004
33333334
22222224
33330234
00003104
00000003
44444445
22222222
00000005
22222223
66666666
66664264
00002404
00000002
44444444
00000000
00000004
22222222
66666665
00002403
44444446
22222223
00000006
22222224
66666667
66664265
00002405
00000001
55554055
AAAA0AA8
00000005
33330231
66664264
FFFF4AFC
00000004
00000000
55554054
00000000
00000004
33330230
66664265
00000001
55554054
AAAA0AA9
00000004
33330234
66664265
FFFF4AFD
00000005
00000001
00001505
0000A000
00000005
00003101
00002404
00000004
0000B504
00000000
00001504
00000000
00000004
00003100
00002405
0000B501
00001504
0000A001
00000004
00003104
00002405
00000005
0000B505
00000000
00000000
00000000
00000000
00000000
00000000
00000000
00000000
00000000
00000000
00000000
00000000
00000000
00000000
00000004
00000000
00000004
00000000
00000004
00000004
00000004
00000000
00000004
00000000
00000004
00000000
00000004
00000000
00000004
00000000
00000004
00000004
00000004
00000004
00000004
00000002
11111110
22222222
00000000
33333332
22222222
33330230
00003100
00000002
11111110
00000000
00000000
33333332
22222220
00003102
11111112
22222222
00000002
33333330
22222222
33330230
00003100
00000001
44444445
22222220
00000005
22222221
66666664
66664264
00002404
00000000
44444444
00000000
00000004
22222220
66666665
00002401
44444444
22222221
00000004
22222224
66666665
66664265
00002405
00000003
00001501
0000A002
00000001
00003103
00002402
00000000
0000B500
00000002
00001500
00000000
00000000
00003102
00002401
0000B503
00001502
0000A003
00000002
00003100
00002403
00000001
0000B501
00000002
55555554
00000002
00000004
11111112
44444446
55554054
00001504
00000002
55555554
00000000
00000004
11111112
44444444
00001502
55555556
00000002
00000006
11111114
44444446
55554054
00001504
00000003
00000001
AAAAAAAA
00000001
22222223
22222222
AAAA0AA8
0000A000
00000002
00000000
00000000
00000000
22222222
22222221
0000A003
00000002
00000800
00000000
00000000
6F5CA309
00000000
00000000
00000000
