6F5CA309
FFFDFC00
00000000
80000000
00000007
00000180
80000000
00000000
FFE00000
00000010
00000000
00000010
00000000
00000000
10000000
00800000
00000000
00000000
00000200
00000000
00020000
10000000
04000000
00000000
00000000
00000000
00000000
00000000
00000000
80000000
00000000
80000000
08000000
04000000
20000000
00000000
00000000
00000000
00000000
00000000
C0000000
40000000
FF600000
FFB80000
FFFFBC00
FFFFDF00
FFFFEFC0
FFFFF7F8
FFFDFF00
FFFFF7FE
C0000000
FFBFFC00
EFFF8000
FFE00000
FFEFFFF0
FFFE0000
FFFBFFFF
FBFFFFF8
FEFFFFFF
FBFFFFFE
FFF80000
C0000000
FFF80000
FFFC0000
FFFFFFE0
55555000
AAAAAAA0
18000000
33333333
33333000
FFE95F80
28000000
E8000000
B5040000
AAAAAAA8
FF7FFFF8
E0000000
CCCCCCC8
99999994
05A81800
AAAAAAAC
55555800
FFFE0000
33333340
FEFFFFF8
FFE00000
0000A000
FFFF7FFF
00000000
00800000
6F5CA309
00000000
00000000
